Component: ARM Compiler 5.06 update 6 (build 750) Tool: armlink [4d35ed]

==============================================================================

Section Cross References

    adc.o(i.MeasureVoltage) refers to adc.o(.data) for sres
    adc.o(i.MeasureVoltageDiff) refers to adc.o(.data) for dres
    lcd.o(i.cursorShift) refers to lcd.o(i.synByte) for synByte
    lcd.o(i.cursorShift) refers to lcd.o(i.Delay) for Delay
    lcd.o(i.initLCD) refers to lcd.o(i.Delay) for Delay
    lcd.o(i.initLCD) refers to lcd.o(i.initNibble) for initNibble
    lcd.o(i.initLCD) refers to lcd.o(i.synByte) for synByte
    lcd.o(i.lcdClear) refers to lcd.o(i.synByte) for synByte
    lcd.o(i.lcdClear) refers to lcd.o(i.Delay) for Delay
    lcd.o(i.lcdCntrl) refers to lcd.o(i.synByte) for synByte
    lcd.o(i.lcdCntrl) refers to lcd.o(i.Delay) for Delay
    lcd.o(i.lcdHome) refers to lcd.o(i.synByte) for synByte
    lcd.o(i.lcdHome) refers to lcd.o(i.Delay) for Delay
    lcd.o(i.lcdMode) refers to lcd.o(i.synByte) for synByte
    lcd.o(i.lcdMode) refers to lcd.o(i.Delay) for Delay
    lcd.o(i.lcdShift) refers to lcd.o(i.synByte) for synByte
    lcd.o(i.lcdShift) refers to lcd.o(i.Delay) for Delay
    lcd.o(i.setLCDAddress) refers to lcd.o(i.synByte) for synByte
    lcd.o(i.setLCDAddress) refers to lcd.o(i.Delay) for Delay
    lcd.o(i.writeLCDChar) refers to lcd.o(i.synByte) for synByte
    lcd.o(i.writeLCDChar) refers to lcd.o(i.Delay) for Delay
    lcd.o(i.writeLCDString) refers to lcd.o(i.writeLCDChar) for writeLCDChar
    lcd.o(i.writeLCDString) refers to lcd.o(i.Delay) for Delay
    main.o(i.main) refers to gpio.o(i.configureGPIOinput) for configureGPIOinput
    main.o(i.main) refers to gpio.o(i.configureGPIOoutput) for configureGPIOoutput
    main.o(i.main) refers to pit.o(i.configurePIT) for configurePIT
    main.o(i.main) refers to pit.o(i.setTimer) for setTimer
    main.o(i.main) refers to tpm_pwm.o(i.configureTPM0forPWM) for configureTPM0forPWM
    main.o(i.main) refers to tpm_pwm.o(i.setPWMDuty) for setPWMDuty
    main.o(i.main) refers to system_mkl25z4.o(i.SystemCoreClockUpdate) for SystemCoreClockUpdate
    main.o(i.main) refers to pit.o(i.startTimer) for startTimer
    main.o(i.main) refers to systick.o(i.Init_SysTick) for Init_SysTick
    main.o(i.main) refers to lcd.o(i.initLCD) for initLCD
    main.o(i.main) refers to adc.o(i.Init_ADC) for Init_ADC
    main.o(i.main) refers to adc.o(i.ADC_Cal) for ADC_Cal
    main.o(i.main) refers to lcd.o(i.lcdClear) for lcdClear
    main.o(i.main) refers to main.o(i.resetText) for resetText
    main.o(i.main) refers to systick.o(i.waitSysTickCounter) for waitSysTickCounter
    main.o(i.main) refers to main.o(i.task1PollInput) for task1PollInput
    main.o(i.main) refers to main.o(i.task2LCD) for task2LCD
    main.o(i.resetText) refers to lcd.o(i.lcdClear) for lcdClear
    main.o(i.resetText) refers to lcd.o(i.lcdHome) for lcdHome
    main.o(i.resetText) refers to lcd.o(i.lcdMode) for lcdMode
    main.o(i.resetText) refers to lcd.o(i.lcdCntrl) for lcdCntrl
    main.o(i.resetText) refers to lcd.o(i.setLCDAddress) for setLCDAddress
    main.o(i.resetText) refers to lcd.o(i.writeLCDString) for writeLCDString
    main.o(i.resetText) refers to main.o(.data) for pos
    main.o(i.task1PollInput) refers to adc.o(i.MeasureVoltage) for MeasureVoltage
    main.o(i.task1PollInput) refers to dflti.o(.text) for __aeabi_ui2d
    main.o(i.task1PollInput) refers to dmul.o(.text) for __aeabi_dmul
    main.o(i.task1PollInput) refers to ddiv.o(.text) for __aeabi_ddiv
    main.o(i.task1PollInput) refers to d2f.o(.text) for __aeabi_d2f
    main.o(i.task1PollInput) refers to f2d.o(.text) for __aeabi_f2d
    main.o(i.task1PollInput) refers to drlef.o(x$fpl$drleqf) for __aeabi_cdrcmple
    main.o(i.task1PollInput) refers to dlef.o(x$fpl$dleqf) for __aeabi_cdcmple
    main.o(i.task1PollInput) refers to main.o(.data) for bounceCounter
    main.o(i.task1PollInput) refers to adc.o(.data) for sres
    main.o(i.task2LCD) refers to main.o(i.__ARM_common_switch8) for __ARM_common_switch8
    main.o(i.task2LCD) refers to adc.o(i.MeasureVoltage) for MeasureVoltage
    main.o(i.task2LCD) refers to dflti.o(.text) for __aeabi_ui2d
    main.o(i.task2LCD) refers to dmul.o(.text) for __aeabi_dmul
    main.o(i.task2LCD) refers to ddiv.o(.text) for __aeabi_ddiv
    main.o(i.task2LCD) refers to d2f.o(.text) for __aeabi_d2f
    main.o(i.task2LCD) refers to f2d.o(.text) for __aeabi_f2d
    main.o(i.task2LCD) refers to drlef.o(x$fpl$drleqf) for __aeabi_cdrcmple
    main.o(i.task2LCD) refers to dlef.o(x$fpl$dleqf) for __aeabi_cdcmple
    main.o(i.task2LCD) refers to frlef.o(x$fpl$frleqf) for __aeabi_cfrcmple
    main.o(i.task2LCD) refers to lcd.o(i.setLCDAddress) for setLCDAddress
    main.o(i.task2LCD) refers to lcd.o(i.writeLCDChar) for writeLCDChar
    main.o(i.task2LCD) refers to pit.o(i.stopTimer) for stopTimer
    main.o(i.task2LCD) refers to lcd.o(i.writeLCDString) for writeLCDString
    main.o(i.task2LCD) refers to pit.o(i.setTimer) for setTimer
    main.o(i.task2LCD) refers to main.o(.data) for buttonState
    main.o(i.task2LCD) refers to adc.o(.data) for sres
    systick.o(i.Init_SysTick) refers to aeabi_sdiv.o(.text) for __aeabi_uidivmod
    systick.o(i.Init_SysTick) refers to systick.o(i.__NVIC_SetPriority) for __NVIC_SetPriority
    systick.o(i.Init_SysTick) refers to system_mkl25z4.o(.data) for SystemCoreClock
    systick.o(i.SysTick_Handler) refers to systick.o(.data) for SysTickCounter
    systick.o(i.waitSysTickCounter) refers to systick.o(.data) for SysTickCounter
    pit.o(i.PIT_IRQHandler) refers to pit.o(i.__NVIC_ClearPendingIRQ) for __NVIC_ClearPendingIRQ
    pit.o(i.PIT_IRQHandler) refers to gpio.o(i.audioToggle) for audioToggle
    pit.o(i.configurePIT) refers to pit.o(i.__NVIC_SetPriority) for __NVIC_SetPriority
    pit.o(i.configurePIT) refers to pit.o(i.__NVIC_ClearPendingIRQ) for __NVIC_ClearPendingIRQ
    startup_mkl25z4.o(STACK) refers (Special) to heapauxi.o(.text) for __use_two_region_memory
    startup_mkl25z4.o(HEAP) refers (Special) to heapauxi.o(.text) for __use_two_region_memory
    startup_mkl25z4.o(RESET) refers (Special) to heapauxi.o(.text) for __use_two_region_memory
    startup_mkl25z4.o(RESET) refers to startup_mkl25z4.o(STACK) for __initial_sp
    startup_mkl25z4.o(RESET) refers to startup_mkl25z4.o(.text) for Reset_Handler
    startup_mkl25z4.o(RESET) refers to systick.o(i.SysTick_Handler) for SysTick_Handler
    startup_mkl25z4.o(RESET) refers to pit.o(i.PIT_IRQHandler) for PIT_IRQHandler
    startup_mkl25z4.o(.ARM.__at_0x400) refers (Special) to heapauxi.o(.text) for __use_two_region_memory
    startup_mkl25z4.o(.text) refers (Special) to heapauxi.o(.text) for __use_two_region_memory
    startup_mkl25z4.o(.text) refers to system_mkl25z4.o(i.SystemInit) for SystemInit
    startup_mkl25z4.o(.text) refers to __main.o(!!!main) for __main
    startup_mkl25z4.o(.text) refers to startup_mkl25z4.o(HEAP) for Heap_Mem
    startup_mkl25z4.o(.text) refers to startup_mkl25z4.o(STACK) for Stack_Mem
    system_mkl25z4.o(i.SystemCoreClockUpdate) refers to aeabi_sdiv.o(.text) for __aeabi_uidivmod
    system_mkl25z4.o(i.SystemCoreClockUpdate) refers to main.o(i.__ARM_common_switch8) for __ARM_common_switch8
    system_mkl25z4.o(i.SystemCoreClockUpdate) refers to system_mkl25z4.o(.data) for SystemCoreClock
    __main.o(!!!main) refers to __rtentry.o(.ARM.Collect$$rtentry$$00000000) for __rt_entry
    d2f.o(.text) refers (Special) to usenofp.o(x$fpl$usenofp) for __I$use$fp
    ddiv.o(.text) refers (Special) to usenofp.o(x$fpl$usenofp) for __I$use$fp
    ddiv.o(.text) refers to ddiv.o(.constdata) for .constdata
    ddiv.o(.constdata) refers (Special) to usenofp.o(x$fpl$usenofp) for __I$use$fp
    dflti.o(.text) refers (Special) to usenofp.o(x$fpl$usenofp) for __I$use$fp
    dlef.o(x$fpl$dleqf) refers (Special) to usenofp.o(x$fpl$usenofp) for __I$use$fp
    dlef.o(x$fpl$dleqf) refers to dcmpin.o(.text) for __fpl_dcmp_InfNaN
    dmul.o(.text) refers (Special) to usenofp.o(x$fpl$usenofp) for __I$use$fp
    drlef.o(x$fpl$drleqf) refers (Special) to usenofp.o(x$fpl$usenofp) for __I$use$fp
    drlef.o(x$fpl$drleqf) refers to dcmpin.o(.text) for __fpl_dcmp_InfNaN
    f2d.o(.text) refers (Special) to usenofp.o(x$fpl$usenofp) for __I$use$fp
    frlef.o(x$fpl$frleqf) refers (Special) to usenofp.o(x$fpl$usenofp) for __I$use$fp
    frlef.o(x$fpl$frleqf) refers to fcmpin.o(.text) for __fpl_fcmp_InfNaN
    __rtentry.o(.ARM.Collect$$rtentry$$00000000) refers (Special) to __rtentry2.o(.ARM.Collect$$rtentry$$0000000A) for __rt_entry_li
    __rtentry.o(.ARM.Collect$$rtentry$$00000000) refers (Special) to __rtentry2.o(.ARM.Collect$$rtentry$$0000000D) for __rt_entry_main
    __rtentry.o(.ARM.Collect$$rtentry$$00000000) refers (Special) to __rtentry2.o(.ARM.Collect$$rtentry$$0000000C) for __rt_entry_postli_1
    __rtentry.o(.ARM.Collect$$rtentry$$00000000) refers (Special) to __rtentry2.o(.ARM.Collect$$rtentry$$00000009) for __rt_entry_postsh_1
    __rtentry.o(.ARM.Collect$$rtentry$$00000000) refers (Special) to __rtentry2.o(.ARM.Collect$$rtentry$$00000002) for __rt_entry_presh_1
    __rtentry.o(.ARM.Collect$$rtentry$$00000000) refers (Special) to __rtentry4.o(.ARM.Collect$$rtentry$$00000004) for __rt_entry_sh
    aeabi_idiv0_sigfpe.o(.text) refers to rt_div0.o(.text) for __rt_div0
    dcmpin.o(.text) refers (Special) to usenofp.o(x$fpl$usenofp) for __I$use$fp
    dcmpin.o(.text) refers to cmpret.o(.text) for __fpl_cmpreturn
    dcmpin.o(.text) refers to dnan2.o(.text) for __fpl_dcheck_NaN2
    fcmpin.o(.text) refers (Special) to usenofp.o(x$fpl$usenofp) for __I$use$fp
    fcmpin.o(.text) refers to cmpret.o(.text) for __fpl_cmpreturn
    fcmpin.o(.text) refers to fnan2.o(.text) for __fpl_fcheck_NaN2
    __rtentry2.o(.ARM.Collect$$rtentry$$00000008) refers to boardinit2.o(.text) for _platform_post_stackheap_init
    __rtentry2.o(.ARM.Collect$$rtentry$$0000000A) refers to libinit.o(.ARM.Collect$$libinit$$00000000) for __rt_lib_init
    __rtentry2.o(.ARM.Collect$$rtentry$$0000000B) refers to boardinit3.o(.text) for _platform_post_lib_init
    __rtentry2.o(.ARM.Collect$$rtentry$$0000000D) refers to main.o(i.main) for main
    __rtentry2.o(.ARM.Collect$$rtentry$$0000000D) refers to exit.o(.text) for exit
    __rtentry2.o(.ARM.exidx) refers to __rtentry2.o(.ARM.Collect$$rtentry$$00000001) for .ARM.Collect$$rtentry$$00000001
    __rtentry2.o(.ARM.exidx) refers to __rtentry2.o(.ARM.Collect$$rtentry$$00000008) for .ARM.Collect$$rtentry$$00000008
    __rtentry2.o(.ARM.exidx) refers to __rtentry2.o(.ARM.Collect$$rtentry$$0000000A) for .ARM.Collect$$rtentry$$0000000A
    __rtentry2.o(.ARM.exidx) refers to __rtentry2.o(.ARM.Collect$$rtentry$$0000000B) for .ARM.Collect$$rtentry$$0000000B
    __rtentry2.o(.ARM.exidx) refers to __rtentry2.o(.ARM.Collect$$rtentry$$0000000D) for .ARM.Collect$$rtentry$$0000000D
    __rtentry4.o(.ARM.Collect$$rtentry$$00000004) refers to sys_stackheap_outer.o(.text) for __user_setup_stackheap
    __rtentry4.o(.ARM.exidx) refers to __rtentry4.o(.ARM.Collect$$rtentry$$00000004) for .ARM.Collect$$rtentry$$00000004
    rt_div0.o(.text) refers to defsig_fpe_outer.o(.text) for __rt_SIGFPE
    cmpret.o(.text) refers (Special) to usenofp.o(x$fpl$usenofp) for __I$use$fp
    dnan2.o(.text) refers (Special) to usenofp.o(x$fpl$usenofp) for __I$use$fp
    dnan2.o(.text) refers to retnan.o(.text) for __fpl_return_NaN
    fnan2.o(.text) refers (Special) to usenofp.o(x$fpl$usenofp) for __I$use$fp
    fnan2.o(.text) refers to retnan.o(.text) for __fpl_return_NaN
    sys_stackheap_outer.o(.text) refers to libspace.o(.text) for __user_perproc_libspace
    sys_stackheap_outer.o(.text) refers to startup_mkl25z4.o(.text) for __user_initial_stackheap
    sys_stackheap_outer.o(__vectab_stack_and_reset_area) refers to tempstk.o(.text) for __temporary_stack_top
    sys_stackheap_outer.o(__vectab_stack_and_reset_area) refers to __main.o(!!!main) for __main
    exit.o(.text) refers to rtexit.o(.ARM.Collect$$rtexit$$00000000) for __rt_exit
    defsig_fpe_outer.o(.text) refers to defsig_fpe_inner.o(.text) for __rt_SIGFPE_inner
    defsig_fpe_outer.o(.text) refers to defsig_exit.o(.text) for __sig_exit
    defsig_fpe_formal.o(.text) refers to rt_raise.o(.text) for __rt_raise
    libinit.o(.ARM.Collect$$libinit$$00000000) refers (Special) to libinit2.o(.ARM.Collect$$libinit$$0000002E) for __rt_lib_init_alloca_1
    libinit.o(.ARM.Collect$$libinit$$00000000) refers (Special) to libinit2.o(.ARM.Collect$$libinit$$0000002C) for __rt_lib_init_argv_1
    libinit.o(.ARM.Collect$$libinit$$00000000) refers (Special) to libinit2.o(.ARM.Collect$$libinit$$0000001B) for __rt_lib_init_atexit_1
    libinit.o(.ARM.Collect$$libinit$$00000000) refers (Special) to libinit2.o(.ARM.Collect$$libinit$$00000021) for __rt_lib_init_clock_1
    libinit.o(.ARM.Collect$$libinit$$00000000) refers (Special) to libinit2.o(.ARM.Collect$$libinit$$00000032) for __rt_lib_init_cpp_1
    libinit.o(.ARM.Collect$$libinit$$00000000) refers (Special) to libinit2.o(.ARM.Collect$$libinit$$00000030) for __rt_lib_init_exceptions_1
    libinit.o(.ARM.Collect$$libinit$$00000000) refers (Special) to libinit2.o(.ARM.Collect$$libinit$$00000002) for __rt_lib_init_fp_1
    libinit.o(.ARM.Collect$$libinit$$00000000) refers (Special) to libinit2.o(.ARM.Collect$$libinit$$0000001F) for __rt_lib_init_fp_trap_1
    libinit.o(.ARM.Collect$$libinit$$00000000) refers (Special) to libinit2.o(.ARM.Collect$$libinit$$00000023) for __rt_lib_init_getenv_1
    libinit.o(.ARM.Collect$$libinit$$00000000) refers (Special) to libinit2.o(.ARM.Collect$$libinit$$0000000A) for __rt_lib_init_heap_1
    libinit.o(.ARM.Collect$$libinit$$00000000) refers (Special) to libinit2.o(.ARM.Collect$$libinit$$00000011) for __rt_lib_init_lc_collate_1
    libinit.o(.ARM.Collect$$libinit$$00000000) refers (Special) to libinit2.o(.ARM.Collect$$libinit$$00000013) for __rt_lib_init_lc_ctype_1
    libinit.o(.ARM.Collect$$libinit$$00000000) refers (Special) to libinit2.o(.ARM.Collect$$libinit$$00000015) for __rt_lib_init_lc_monetary_1
    libinit.o(.ARM.Collect$$libinit$$00000000) refers (Special) to libinit2.o(.ARM.Collect$$libinit$$00000017) for __rt_lib_init_lc_numeric_1
    libinit.o(.ARM.Collect$$libinit$$00000000) refers (Special) to libinit2.o(.ARM.Collect$$libinit$$00000019) for __rt_lib_init_lc_time_1
    libinit.o(.ARM.Collect$$libinit$$00000000) refers (Special) to libinit2.o(.ARM.Collect$$libinit$$00000004) for __rt_lib_init_preinit_1
    libinit.o(.ARM.Collect$$libinit$$00000000) refers (Special) to libinit2.o(.ARM.Collect$$libinit$$0000000E) for __rt_lib_init_rand_1
    libinit.o(.ARM.Collect$$libinit$$00000000) refers (Special) to libinit2.o(.ARM.Collect$$libinit$$00000033) for __rt_lib_init_return
    libinit.o(.ARM.Collect$$libinit$$00000000) refers (Special) to libinit2.o(.ARM.Collect$$libinit$$0000001D) for __rt_lib_init_signal_1
    libinit.o(.ARM.Collect$$libinit$$00000000) refers (Special) to libinit2.o(.ARM.Collect$$libinit$$00000025) for __rt_lib_init_stdio_1
    libinit.o(.ARM.Collect$$libinit$$00000000) refers (Special) to libinit2.o(.ARM.Collect$$libinit$$0000000C) for __rt_lib_init_user_alloc_1
    retnan.o(.text) refers (Special) to usenofp.o(x$fpl$usenofp) for __I$use$fp
    retnan.o(.text) refers to cmpret.o(.text) for __fpl_cmpreturn
    libspace.o(.text) refers to libspace.o(.bss) for __libspace_start
    rtexit.o(.ARM.Collect$$rtexit$$00000000) refers (Special) to rtexit2.o(.ARM.Collect$$rtexit$$00000004) for __rt_exit_exit
    rtexit.o(.ARM.Collect$$rtexit$$00000000) refers (Special) to rtexit2.o(.ARM.Collect$$rtexit$$00000003) for __rt_exit_ls
    rtexit.o(.ARM.Collect$$rtexit$$00000000) refers (Special) to rtexit2.o(.ARM.Collect$$rtexit$$00000002) for __rt_exit_prels_1
    rtexit.o(.ARM.exidx) refers (Special) to rtexit2.o(.ARM.Collect$$rtexit$$00000004) for __rt_exit_exit
    rtexit.o(.ARM.exidx) refers (Special) to rtexit2.o(.ARM.Collect$$rtexit$$00000003) for __rt_exit_ls
    rtexit.o(.ARM.exidx) refers (Special) to rtexit2.o(.ARM.Collect$$rtexit$$00000002) for __rt_exit_prels_1
    rtexit.o(.ARM.exidx) refers to rtexit.o(.ARM.Collect$$rtexit$$00000000) for .ARM.Collect$$rtexit$$00000000
    rt_raise.o(.text) refers to __raise.o(.text) for __raise
    rt_raise.o(.text) refers to sys_exit.o(.text) for _sys_exit
    defsig_exit.o(.text) refers to sys_exit.o(.text) for _sys_exit
    defsig_fpe_inner.o(.text) refers to defsig_general.o(.text) for __default_signal_display
    libinit2.o(.ARM.Collect$$libinit$$00000010) refers to libinit2.o(.ARM.Collect$$libinit$$0000000F) for .ARM.Collect$$libinit$$0000000F
    libinit2.o(.ARM.Collect$$libinit$$00000012) refers to libinit2.o(.ARM.Collect$$libinit$$0000000F) for .ARM.Collect$$libinit$$0000000F
    libinit2.o(.ARM.Collect$$libinit$$00000014) refers to libinit2.o(.ARM.Collect$$libinit$$0000000F) for .ARM.Collect$$libinit$$0000000F
    libinit2.o(.ARM.Collect$$libinit$$00000016) refers to libinit2.o(.ARM.Collect$$libinit$$0000000F) for .ARM.Collect$$libinit$$0000000F
    libinit2.o(.ARM.Collect$$libinit$$00000018) refers to libinit2.o(.ARM.Collect$$libinit$$0000000F) for .ARM.Collect$$libinit$$0000000F
    libinit2.o(.ARM.Collect$$libinit$$00000026) refers to argv_veneer.o(.text) for __ARM_argv_veneer
    libinit2.o(.ARM.Collect$$libinit$$00000027) refers to argv_veneer.o(.text) for __ARM_argv_veneer
    sys_exit.o(.text) refers (Special) to use_no_semi.o(.text) for __I$use$semihosting
    sys_exit.o(.text) refers (Special) to indicate_semi.o(.text) for __semihosting_library_function
    rtexit2.o(.ARM.Collect$$rtexit$$00000003) refers to libshutdown.o(.ARM.Collect$$libshutdown$$00000000) for __rt_lib_shutdown
    rtexit2.o(.ARM.Collect$$rtexit$$00000004) refers to sys_exit.o(.text) for _sys_exit
    rtexit2.o(.ARM.exidx) refers to rtexit2.o(.ARM.Collect$$rtexit$$00000001) for .ARM.Collect$$rtexit$$00000001
    rtexit2.o(.ARM.exidx) refers to rtexit2.o(.ARM.Collect$$rtexit$$00000003) for .ARM.Collect$$rtexit$$00000003
    rtexit2.o(.ARM.exidx) refers to rtexit2.o(.ARM.Collect$$rtexit$$00000004) for .ARM.Collect$$rtexit$$00000004
    __raise.o(.text) refers to defsig.o(CL$$defsig) for __default_signal_handler
    defsig_general.o(.text) refers to sys_wrch.o(.text) for _ttywrch
    sys_wrch.o(.text) refers (Special) to use_no_semi.o(.text) for __I$use$semihosting
    sys_wrch.o(.text) refers (Special) to indicate_semi.o(.text) for __semihosting_library_function
    defsig.o(CL$$defsig) refers to defsig_fpe_inner.o(.text) for __rt_SIGFPE_inner
    defsig.o(CL$$defsig) refers to defsig_rtmem_inner.o(.text) for __rt_SIGRTMEM_inner
    _get_argv_nomalloc.o(.text) refers (Special) to hrguard.o(.text) for __heap_region$guard
    _get_argv_nomalloc.o(.text) refers to defsig_rtmem_outer.o(.text) for __rt_SIGRTMEM
    _get_argv_nomalloc.o(.text) refers to sys_command.o(.text) for _sys_command_string
    libshutdown.o(.ARM.Collect$$libshutdown$$00000000) refers (Special) to libshutdown2.o(.ARM.Collect$$libshutdown$$00000002) for __rt_lib_shutdown_cpp_1
    libshutdown.o(.ARM.Collect$$libshutdown$$00000000) refers (Special) to libshutdown2.o(.ARM.Collect$$libshutdown$$00000007) for __rt_lib_shutdown_fp_trap_1
    libshutdown.o(.ARM.Collect$$libshutdown$$00000000) refers (Special) to libshutdown2.o(.ARM.Collect$$libshutdown$$0000000F) for __rt_lib_shutdown_heap_1
    libshutdown.o(.ARM.Collect$$libshutdown$$00000000) refers (Special) to libshutdown2.o(.ARM.Collect$$libshutdown$$00000010) for __rt_lib_shutdown_return
    libshutdown.o(.ARM.Collect$$libshutdown$$00000000) refers (Special) to libshutdown2.o(.ARM.Collect$$libshutdown$$0000000A) for __rt_lib_shutdown_signal_1
    libshutdown.o(.ARM.Collect$$libshutdown$$00000000) refers (Special) to libshutdown2.o(.ARM.Collect$$libshutdown$$00000004) for __rt_lib_shutdown_stdio_1
    libshutdown.o(.ARM.Collect$$libshutdown$$00000000) refers (Special) to libshutdown2.o(.ARM.Collect$$libshutdown$$0000000C) for __rt_lib_shutdown_user_alloc_1
    sys_command.o(.text) refers (Special) to use_no_semi.o(.text) for __I$use$semihosting
    sys_command.o(.text) refers (Special) to indicate_semi.o(.text) for __semihosting_library_function
    defsig_abrt_inner.o(.text) refers to defsig_general.o(.text) for __default_signal_display
    defsig_rtred_inner.o(.text) refers to defsig_general.o(.text) for __default_signal_display
    defsig_rtmem_inner.o(.text) refers to defsig_general.o(.text) for __default_signal_display
    defsig_rtmem_outer.o(.text) refers to defsig_rtmem_inner.o(.text) for __rt_SIGRTMEM_inner
    defsig_rtmem_outer.o(.text) refers to defsig_exit.o(.text) for __sig_exit
    defsig_rtmem_formal.o(.text) refers to rt_raise.o(.text) for __rt_raise
    defsig_stak_inner.o(.text) refers to defsig_general.o(.text) for __default_signal_display
    defsig_pvfn_inner.o(.text) refers to defsig_general.o(.text) for __default_signal_display
    defsig_cppl_inner.o(.text) refers to defsig_general.o(.text) for __default_signal_display
    defsig_segv_inner.o(.text) refers to defsig_general.o(.text) for __default_signal_display
    defsig_other.o(.text) refers to defsig_general.o(.text) for __default_signal_display


==============================================================================

Removing Unused input sections from the image.

    Removing adc.o(.rev16_text), (4 bytes).
    Removing adc.o(.revsh_text), (4 bytes).
    Removing adc.o(i.MeasureVoltageDiff), (40 bytes).
    Removing lcd.o(.rev16_text), (4 bytes).
    Removing lcd.o(.revsh_text), (4 bytes).
    Removing lcd.o(i.cursorShift), (44 bytes).
    Removing lcd.o(i.lcdShift), (44 bytes).
    Removing main.o(.rev16_text), (4 bytes).
    Removing main.o(.revsh_text), (4 bytes).
    Removing systick.o(.rev16_text), (4 bytes).
    Removing systick.o(.revsh_text), (4 bytes).
    Removing pit.o(.rev16_text), (4 bytes).
    Removing pit.o(.revsh_text), (4 bytes).
    Removing gpio.o(.rev16_text), (4 bytes).
    Removing gpio.o(.revsh_text), (4 bytes).
    Removing tpm_pwm.o(.rev16_text), (4 bytes).
    Removing tpm_pwm.o(.revsh_text), (4 bytes).
    Removing system_mkl25z4.o(.rev16_text), (4 bytes).
    Removing system_mkl25z4.o(.revsh_text), (4 bytes).

19 unused section(s) (total 192 bytes) removed from the image.

==============================================================================

Image Symbol Table

    Local Symbols

    Symbol Name                              Value     Ov Type        Size  Object(Section)

    RESET                                    0x00000000   Section      192  startup_mkl25z4.o(RESET)
    ../clib/angel/boardlib.s                 0x00000000   Number         0  boardshut.o ABSOLUTE
    ../clib/angel/boardlib.s                 0x00000000   Number         0  boardinit3.o ABSOLUTE
    ../clib/angel/boardlib.s                 0x00000000   Number         0  boardinit1.o ABSOLUTE
    ../clib/angel/boardlib.s                 0x00000000   Number         0  boardinit2.o ABSOLUTE
    ../clib/angel/handlers.s                 0x00000000   Number         0  __scatter_zi.o ABSOLUTE
    ../clib/angel/handlers.s                 0x00000000   Number         0  __scatter_copy.o ABSOLUTE
    ../clib/angel/kernel.s                   0x00000000   Number         0  __rtentry2.o ABSOLUTE
    ../clib/angel/kernel.s                   0x00000000   Number         0  __rtentry4.o ABSOLUTE
    ../clib/angel/kernel.s                   0x00000000   Number         0  rtexit.o ABSOLUTE
    ../clib/angel/kernel.s                   0x00000000   Number         0  __rtentry.o ABSOLUTE
    ../clib/angel/kernel.s                   0x00000000   Number         0  rtexit2.o ABSOLUTE
    ../clib/angel/rt.s                       0x00000000   Number         0  rt_div0.o ABSOLUTE
    ../clib/angel/rt.s                       0x00000000   Number         0  rt_raise.o ABSOLUTE
    ../clib/angel/rt.s                       0x00000000   Number         0  aeabi_idiv0.o ABSOLUTE
    ../clib/angel/rt.s                       0x00000000   Number         0  aeabi_idiv0_sigfpe.o ABSOLUTE
    ../clib/angel/scatterp.s                 0x00000000   Number         0  __scatter.o ABSOLUTE
    ../clib/angel/startup.s                  0x00000000   Number         0  __main.o ABSOLUTE
    ../clib/angel/sys.s                      0x00000000   Number         0  libspace.o ABSOLUTE
    ../clib/angel/sys.s                      0x00000000   Number         0  indicate_semi.o ABSOLUTE
    ../clib/angel/sys.s                      0x00000000   Number         0  tempstk.o ABSOLUTE
    ../clib/angel/sys.s                      0x00000000   Number         0  use_no_semi.o ABSOLUTE
    ../clib/angel/sys.s                      0x00000000   Number         0  sys_stackheap_outer.o ABSOLUTE
    ../clib/angel/sysapp.c                   0x00000000   Number         0  sys_exit.o ABSOLUTE
    ../clib/angel/sysapp.c                   0x00000000   Number         0  sys_wrch.o ABSOLUTE
    ../clib/angel/sysapp.c                   0x00000000   Number         0  sys_command.o ABSOLUTE
    ../clib/armsys.c                         0x00000000   Number         0  no_argv.o ABSOLUTE
    ../clib/armsys.c                         0x00000000   Number         0  _get_argv_nomalloc.o ABSOLUTE
    ../clib/armsys.c                         0x00000000   Number         0  argv_veneer.o ABSOLUTE
    ../clib/division.s                       0x00000000   Number         0  aeabi_sdiv_div0.o ABSOLUTE
    ../clib/division.s                       0x00000000   Number         0  aeabi_sdiv.o ABSOLUTE
    ../clib/heapalloc.c                      0x00000000   Number         0  hrguard.o ABSOLUTE
    ../clib/heapaux.c                        0x00000000   Number         0  heapauxi.o ABSOLUTE
    ../clib/libinit.s                        0x00000000   Number         0  libinit2.o ABSOLUTE
    ../clib/libinit.s                        0x00000000   Number         0  libinit.o ABSOLUTE
    ../clib/libinit.s                        0x00000000   Number         0  libshutdown.o ABSOLUTE
    ../clib/libinit.s                        0x00000000   Number         0  libshutdown2.o ABSOLUTE
    ../clib/signal.c                         0x00000000   Number         0  defsig_fpe_inner.o ABSOLUTE
    ../clib/signal.c                         0x00000000   Number         0  defsig_rtmem_outer.o ABSOLUTE
    ../clib/signal.c                         0x00000000   Number         0  defsig_segv_inner.o ABSOLUTE
    ../clib/signal.c                         0x00000000   Number         0  defsig_rtred_inner.o ABSOLUTE
    ../clib/signal.c                         0x00000000   Number         0  __raise.o ABSOLUTE
    ../clib/signal.c                         0x00000000   Number         0  defsig_fpe_formal.o ABSOLUTE
    ../clib/signal.c                         0x00000000   Number         0  defsig_other.o ABSOLUTE
    ../clib/signal.c                         0x00000000   Number         0  defsig_fpe_outer.o ABSOLUTE
    ../clib/signal.c                         0x00000000   Number         0  defsig_general.o ABSOLUTE
    ../clib/signal.c                         0x00000000   Number         0  defsig_stak_inner.o ABSOLUTE
    ../clib/signal.c                         0x00000000   Number         0  defsig_rtmem_inner.o ABSOLUTE
    ../clib/signal.c                         0x00000000   Number         0  defsig_abrt_inner.o ABSOLUTE
    ../clib/signal.c                         0x00000000   Number         0  defsig_rtmem_formal.o ABSOLUTE
    ../clib/signal.c                         0x00000000   Number         0  defsig_cppl_inner.o ABSOLUTE
    ../clib/signal.c                         0x00000000   Number         0  defsig_exit.o ABSOLUTE
    ../clib/signal.c                         0x00000000   Number         0  defsig_pvfn_inner.o ABSOLUTE
    ../clib/signal.s                         0x00000000   Number         0  defsig.o ABSOLUTE
    ../clib/stdlib.c                         0x00000000   Number         0  exit.o ABSOLUTE
    ../fplib/cfplib/cmpret.c                 0x00000000   Number         0  cmpret.o ABSOLUTE
    ../fplib/cfplib/d2f.c                    0x00000000   Number         0  d2f.o ABSOLUTE
    ../fplib/cfplib/dcmpin.c                 0x00000000   Number         0  dcmpin.o ABSOLUTE
    ../fplib/cfplib/ddiv.c                   0x00000000   Number         0  ddiv.o ABSOLUTE
    ../fplib/cfplib/dmul.c                   0x00000000   Number         0  dmul.o ABSOLUTE
    ../fplib/cfplib/f2d.c                    0x00000000   Number         0  f2d.o ABSOLUTE
    ../fplib/cfplib/fcmpin.c                 0x00000000   Number         0  fcmpin.o ABSOLUTE
    ../fplib/cfplib/fflt.c                   0x00000000   Number         0  dflti.o ABSOLUTE
    ../fplib/cfplib/fpinit.c                 0x00000000   Number         0  fpinit.o ABSOLUTE
    ../fplib/cfplib/nan2.c                   0x00000000   Number         0  dnan2.o ABSOLUTE
    ../fplib/cfplib/nan2.c                   0x00000000   Number         0  fnan2.o ABSOLUTE
    ../fplib/cfplib/retnan.c                 0x00000000   Number         0  retnan.o ABSOLUTE
    ../fplib/dleqf6m.s                       0x00000000   Number         0  dlef.o ABSOLUTE
    ../fplib/drleqf6m.s                      0x00000000   Number         0  drlef.o ABSOLUTE
    ../fplib/frleqf6m.s                      0x00000000   Number         0  frlef.o ABSOLUTE
    ../fplib/usenofp.s                       0x00000000   Number         0  usenofp.o ABSOLUTE
    RTE\Device\MKL25Z128xxx4\startup_MKL25Z4.s 0x00000000   Number         0  startup_mkl25z4.o ABSOLUTE
    RTE\Device\MKL25Z128xxx4\system_MKL25Z4.c 0x00000000   Number         0  system_mkl25z4.o ABSOLUTE
    RTE\\Device\\MKL25Z128xxx4\\system_MKL25Z4.c 0x00000000   Number         0  system_mkl25z4.o ABSOLUTE
    dc.s                                     0x00000000   Number         0  dc.o ABSOLUTE
    src\GPIO.c                               0x00000000   Number         0  gpio.o ABSOLUTE
    src\LCD.c                                0x00000000   Number         0  lcd.o ABSOLUTE
    src\PIT.c                                0x00000000   Number         0  pit.o ABSOLUTE
    src\SysTick.c                            0x00000000   Number         0  systick.o ABSOLUTE
    src\TPM_PWM.c                            0x00000000   Number         0  tpm_pwm.o ABSOLUTE
    src\\GPIO.c                              0x00000000   Number         0  gpio.o ABSOLUTE
    src\\LCD.c                               0x00000000   Number         0  lcd.o ABSOLUTE
    src\\PIT.c                               0x00000000   Number         0  pit.o ABSOLUTE
    src\\SysTick.c                           0x00000000   Number         0  systick.o ABSOLUTE
    src\\TPM_PWM.c                           0x00000000   Number         0  tpm_pwm.o ABSOLUTE
    src\\adc.c                               0x00000000   Number         0  adc.o ABSOLUTE
    src\\main.c                              0x00000000   Number         0  main.o ABSOLUTE
    src\adc.c                                0x00000000   Number         0  adc.o ABSOLUTE
    src\main.c                               0x00000000   Number         0  main.o ABSOLUTE
    !!!main                                  0x000000c0   Section        8  __main.o(!!!main)
    !!!scatter                               0x000000c8   Section       60  __scatter.o(!!!scatter)
    !!handler_copy                           0x00000104   Section       26  __scatter_copy.o(!!handler_copy)
    !!handler_zi                             0x00000120   Section       28  __scatter_zi.o(!!handler_zi)
    .ARM.Collect$$libinit$$00000000          0x0000013c   Section        2  libinit.o(.ARM.Collect$$libinit$$00000000)
    .ARM.Collect$$libinit$$00000002          0x0000013e   Section        0  libinit2.o(.ARM.Collect$$libinit$$00000002)
    .ARM.Collect$$libinit$$00000004          0x0000013e   Section        0  libinit2.o(.ARM.Collect$$libinit$$00000004)
    .ARM.Collect$$libinit$$0000000A          0x0000013e   Section        0  libinit2.o(.ARM.Collect$$libinit$$0000000A)
    .ARM.Collect$$libinit$$0000000C          0x0000013e   Section        0  libinit2.o(.ARM.Collect$$libinit$$0000000C)
    .ARM.Collect$$libinit$$0000000E          0x0000013e   Section        0  libinit2.o(.ARM.Collect$$libinit$$0000000E)
    .ARM.Collect$$libinit$$00000011          0x0000013e   Section        0  libinit2.o(.ARM.Collect$$libinit$$00000011)
    .ARM.Collect$$libinit$$00000013          0x0000013e   Section        0  libinit2.o(.ARM.Collect$$libinit$$00000013)
    .ARM.Collect$$libinit$$00000015          0x0000013e   Section        0  libinit2.o(.ARM.Collect$$libinit$$00000015)
    .ARM.Collect$$libinit$$00000017          0x0000013e   Section        0  libinit2.o(.ARM.Collect$$libinit$$00000017)
    .ARM.Collect$$libinit$$00000019          0x0000013e   Section        0  libinit2.o(.ARM.Collect$$libinit$$00000019)
    .ARM.Collect$$libinit$$0000001B          0x0000013e   Section        0  libinit2.o(.ARM.Collect$$libinit$$0000001B)
    .ARM.Collect$$libinit$$0000001D          0x0000013e   Section        0  libinit2.o(.ARM.Collect$$libinit$$0000001D)
    .ARM.Collect$$libinit$$0000001F          0x0000013e   Section        0  libinit2.o(.ARM.Collect$$libinit$$0000001F)
    .ARM.Collect$$libinit$$00000021          0x0000013e   Section        0  libinit2.o(.ARM.Collect$$libinit$$00000021)
    .ARM.Collect$$libinit$$00000023          0x0000013e   Section        0  libinit2.o(.ARM.Collect$$libinit$$00000023)
    .ARM.Collect$$libinit$$00000025          0x0000013e   Section        0  libinit2.o(.ARM.Collect$$libinit$$00000025)
    .ARM.Collect$$libinit$$0000002C          0x0000013e   Section        0  libinit2.o(.ARM.Collect$$libinit$$0000002C)
    .ARM.Collect$$libinit$$0000002E          0x0000013e   Section        0  libinit2.o(.ARM.Collect$$libinit$$0000002E)
    .ARM.Collect$$libinit$$00000030          0x0000013e   Section        0  libinit2.o(.ARM.Collect$$libinit$$00000030)
    .ARM.Collect$$libinit$$00000032          0x0000013e   Section        0  libinit2.o(.ARM.Collect$$libinit$$00000032)
    .ARM.Collect$$libinit$$00000033          0x0000013e   Section        2  libinit2.o(.ARM.Collect$$libinit$$00000033)
    .ARM.Collect$$libshutdown$$00000000      0x00000140   Section        2  libshutdown.o(.ARM.Collect$$libshutdown$$00000000)
    .ARM.Collect$$libshutdown$$00000002      0x00000142   Section        0  libshutdown2.o(.ARM.Collect$$libshutdown$$00000002)
    .ARM.Collect$$libshutdown$$00000004      0x00000142   Section        0  libshutdown2.o(.ARM.Collect$$libshutdown$$00000004)
    .ARM.Collect$$libshutdown$$00000007      0x00000142   Section        0  libshutdown2.o(.ARM.Collect$$libshutdown$$00000007)
    .ARM.Collect$$libshutdown$$0000000A      0x00000142   Section        0  libshutdown2.o(.ARM.Collect$$libshutdown$$0000000A)
    .ARM.Collect$$libshutdown$$0000000C      0x00000142   Section        0  libshutdown2.o(.ARM.Collect$$libshutdown$$0000000C)
    .ARM.Collect$$libshutdown$$0000000F      0x00000142   Section        0  libshutdown2.o(.ARM.Collect$$libshutdown$$0000000F)
    .ARM.Collect$$libshutdown$$00000010      0x00000142   Section        2  libshutdown2.o(.ARM.Collect$$libshutdown$$00000010)
    .ARM.Collect$$rtentry$$00000000          0x00000144   Section        0  __rtentry.o(.ARM.Collect$$rtentry$$00000000)
    .ARM.Collect$$rtentry$$00000002          0x00000144   Section        0  __rtentry2.o(.ARM.Collect$$rtentry$$00000002)
    .ARM.Collect$$rtentry$$00000004          0x00000144   Section        6  __rtentry4.o(.ARM.Collect$$rtentry$$00000004)
    .ARM.Collect$$rtentry$$00000009          0x0000014a   Section        0  __rtentry2.o(.ARM.Collect$$rtentry$$00000009)
    .ARM.Collect$$rtentry$$0000000A          0x0000014a   Section        4  __rtentry2.o(.ARM.Collect$$rtentry$$0000000A)
    .ARM.Collect$$rtentry$$0000000C          0x0000014e   Section        0  __rtentry2.o(.ARM.Collect$$rtentry$$0000000C)
    .ARM.Collect$$rtentry$$0000000D          0x0000014e   Section        8  __rtentry2.o(.ARM.Collect$$rtentry$$0000000D)
    .ARM.Collect$$rtexit$$00000000           0x00000156   Section        2  rtexit.o(.ARM.Collect$$rtexit$$00000000)
    .ARM.Collect$$rtexit$$00000002           0x00000158   Section        0  rtexit2.o(.ARM.Collect$$rtexit$$00000002)
    .ARM.Collect$$rtexit$$00000003           0x00000158   Section        4  rtexit2.o(.ARM.Collect$$rtexit$$00000003)
    .ARM.Collect$$rtexit$$00000004           0x0000015c   Section        6  rtexit2.o(.ARM.Collect$$rtexit$$00000004)
    .text                                    0x00000164   Section       64  startup_mkl25z4.o(.text)
    .text                                    0x000001a4   Section      346  aeabi_sdiv.o(.text)
    .text                                    0x000002fe   Section        0  heapauxi.o(.text)
    .text                                    0x00000304   Section        0  d2f.o(.text)
    .text                                    0x00000380   Section        0  dflti.o(.text)
    .text                                    0x000003d8   Section        0  dnan2.o(.text)
    .text                                    0x000003ec   Section        0  fnan2.o(.text)
    .text                                    0x000003fc   Section        2  use_no_semi.o(.text)
    .text                                    0x000003fe   Section        0  indicate_semi.o(.text)
    x$fpl$usenofp                            0x000003fe   Section        0  usenofp.o(x$fpl$usenofp)
    .ARM.__at_0x400                          0x00000400   Section       16  startup_mkl25z4.o(.ARM.__at_0x400)
    .text                                    0x00000410   Section        0  ddiv.o(.text)
    .text                                    0x00000858   Section        0  dmul.o(.text)
    .text                                    0x00000aa0   Section        0  f2d.o(.text)
    .text                                    0x00000af4   Section        0  dcmpin.o(.text)
    .text                                    0x00000b84   Section        0  fcmpin.o(.text)
    .text                                    0x00000be8   Section        0  cmpret.o(.text)
    .text                                    0x00000c16   Section       62  sys_stackheap_outer.o(.text)
    .text                                    0x00000c54   Section        0  exit.o(.text)
    .text                                    0x00000c64   Section        0  retnan.o(.text)
    .text                                    0x00000cc4   Section        8  libspace.o(.text)
    .text                                    0x00000ccc   Section        0  sys_exit.o(.text)
    i.ADC_Cal                                0x00000cd8   Section        0  adc.o(i.ADC_Cal)
    i.Delay                                  0x00000d86   Section        0  lcd.o(i.Delay)
    i.Init_ADC                               0x00000da8   Section        0  adc.o(i.Init_ADC)
    i.Init_SysTick                           0x00000dcc   Section        0  systick.o(i.Init_SysTick)
    i.MeasureVoltage                         0x00000e1c   Section        0  adc.o(i.MeasureVoltage)
    i.PIT_IRQHandler                         0x00000e44   Section        0  pit.o(i.PIT_IRQHandler)
    i.SysTick_Handler                        0x00000e7c   Section        0  systick.o(i.SysTick_Handler)
    i.SystemCoreClockUpdate                  0x00000e94   Section        0  system_mkl25z4.o(i.SystemCoreClockUpdate)
    i.SystemInit                             0x00001024   Section        0  system_mkl25z4.o(i.SystemInit)
    i.__ARM_common_switch8                   0x00001030   Section        0  main.o(i.__ARM_common_switch8)
    i.__NVIC_ClearPendingIRQ                 0x0000104c   Section        0  pit.o(i.__NVIC_ClearPendingIRQ)
    __NVIC_ClearPendingIRQ                   0x0000104d   Thumb Code    18  pit.o(i.__NVIC_ClearPendingIRQ)
    i.__NVIC_SetPriority                     0x00001064   Section        0  systick.o(i.__NVIC_SetPriority)
    __NVIC_SetPriority                       0x00001065   Thumb Code   110  systick.o(i.__NVIC_SetPriority)
    i.__NVIC_SetPriority                     0x000010dc   Section        0  pit.o(i.__NVIC_SetPriority)
    __NVIC_SetPriority                       0x000010dd   Thumb Code   110  pit.o(i.__NVIC_SetPriority)
    i.audioToggle                            0x00001154   Section        0  gpio.o(i.audioToggle)
    i.configureGPIOinput                     0x00001164   Section        0  gpio.o(i.configureGPIOinput)
    i.configureGPIOoutput                    0x000011a8   Section        0  gpio.o(i.configureGPIOoutput)
    i.configurePIT                           0x000011f4   Section        0  pit.o(i.configurePIT)
    i.configureTPM0forPWM                    0x00001264   Section        0  tpm_pwm.o(i.configureTPM0forPWM)
    i.initLCD                                0x00001304   Section        0  lcd.o(i.initLCD)
    i.initNibble                             0x00001474   Section        0  lcd.o(i.initNibble)
    i.lcdClear                               0x000014b0   Section        0  lcd.o(i.lcdClear)
    i.lcdCntrl                               0x000014c8   Section        0  lcd.o(i.lcdCntrl)
    i.lcdHome                                0x00001510   Section        0  lcd.o(i.lcdHome)
    i.lcdMode                                0x00001528   Section        0  lcd.o(i.lcdMode)
    i.main                                   0x00001570   Section        0  main.o(i.main)
    i.resetText                              0x000015e8   Section        0  main.o(i.resetText)
    i.setLCDAddress                          0x00001644   Section        0  lcd.o(i.setLCDAddress)
    i.setPWMDuty                             0x0000167c   Section        0  tpm_pwm.o(i.setPWMDuty)
    i.setTimer                               0x00001690   Section        0  pit.o(i.setTimer)
    i.startTimer                             0x0000169c   Section        0  pit.o(i.startTimer)
    i.stopTimer                              0x000016b8   Section        0  pit.o(i.stopTimer)
    i.synByte                                0x000016d4   Section        0  lcd.o(i.synByte)
    i.task1PollInput                         0x00001814   Section        0  main.o(i.task1PollInput)
    i.task2LCD                               0x00001994   Section        0  main.o(i.task2LCD)
    i.waitSysTickCounter                     0x00001c8c   Section        0  systick.o(i.waitSysTickCounter)
    i.writeLCDChar                           0x00001ca0   Section        0  lcd.o(i.writeLCDChar)
    i.writeLCDString                         0x00001cb4   Section        0  lcd.o(i.writeLCDString)
    x$fpl$dleqf                              0x00001cdc   Section      100  dlef.o(x$fpl$dleqf)
    x$fpl$drleqf                             0x00001d40   Section      104  drlef.o(x$fpl$drleqf)
    x$fpl$frleqf                             0x00001da8   Section       88  frlef.o(x$fpl$frleqf)
    .constdata                               0x00001e00   Section      128  ddiv.o(.constdata)
    ddiv_reciptbl                            0x00001e00   Data         128  ddiv.o(.constdata)
    .data                                    0x1ffff000   Section        4  adc.o(.data)
    .data                                    0x1ffff004   Section       56  main.o(.data)
    .data                                    0x1ffff03c   Section        4  systick.o(.data)
    .data                                    0x1ffff040   Section        4  system_mkl25z4.o(.data)
    .bss                                     0x1ffff044   Section       96  libspace.o(.bss)
    HEAP                                     0x1ffff0a8   Section        0  startup_mkl25z4.o(HEAP)
    STACK                                    0x1ffff0a8   Section      256  startup_mkl25z4.o(STACK)
    Heap_Mem                                 0x1ffff0a8   Data           0  startup_mkl25z4.o(HEAP)
    Stack_Mem                                0x1ffff0a8   Data         256  startup_mkl25z4.o(STACK)
    __initial_sp                             0x1ffff1a8   Data           0  startup_mkl25z4.o(STACK)

    Global Symbols

    Symbol Name                              Value     Ov Type        Size  Object(Section)

    BuildAttributes$$THM_ISAv3M$S$PE$A:L22$X:L11$S22$IEEE1$IW$USESV6$~STKCKD$USESV7$~SHL$OSPACE$ROPI$EBA8$UX$STANDARDLIB$REQ8$PRES8$EABIv2 0x00000000   Number         0  anon$$obj.o ABSOLUTE
    __ARM_use_no_argv                        0x00000000   Number         0  main.o ABSOLUTE
    __Vectors                                0x00000000   Data           4  startup_mkl25z4.o(RESET)
    __ARM_exceptions_init                     - Undefined Weak Reference
    __alloca_initialize                       - Undefined Weak Reference
    __arm_preinit_                            - Undefined Weak Reference
    __cpp_initialize__aeabi_                  - Undefined Weak Reference
    __cxa_finalize                            - Undefined Weak Reference
    __rt_locale                               - Undefined Weak Reference
    __sigvec_lookup                           - Undefined Weak Reference
    _atexit_init                              - Undefined Weak Reference
    _call_atexit_fns                          - Undefined Weak Reference
    _clock_init                               - Undefined Weak Reference
    _fp_trap_init                             - Undefined Weak Reference
    _fp_trap_shutdown                         - Undefined Weak Reference
    _get_lc_collate                           - Undefined Weak Reference
    _get_lc_ctype                             - Undefined Weak Reference
    _get_lc_monetary                          - Undefined Weak Reference
    _get_lc_numeric                           - Undefined Weak Reference
    _get_lc_time                              - Undefined Weak Reference
    _getenv_init                              - Undefined Weak Reference
    _handle_redirection                       - Undefined Weak Reference
    _init_alloc                               - Undefined Weak Reference
    _init_user_alloc                          - Undefined Weak Reference
    _initio                                   - Undefined Weak Reference
    _rand_init                                - Undefined Weak Reference
    _signal_finish                            - Undefined Weak Reference
    _signal_init                              - Undefined Weak Reference
    _terminate_alloc                          - Undefined Weak Reference
    _terminate_user_alloc                     - Undefined Weak Reference
    _terminateio                              - Undefined Weak Reference
    __Vectors_End                            0x000000c0   Data           0  startup_mkl25z4.o(RESET)
    __Vectors_Size                           0x000000c0   Number         0  startup_mkl25z4.o ABSOLUTE
    __main                                   0x000000c1   Thumb Code     8  __main.o(!!!main)
    __scatterload                            0x000000c9   Thumb Code     0  __scatter.o(!!!scatter)
    __scatterload_rt2                        0x000000c9   Thumb Code    52  __scatter.o(!!!scatter)
    __scatterload_rt2_thumb_only             0x000000c9   Thumb Code     0  __scatter.o(!!!scatter)
    __scatterload_null                       0x000000d9   Thumb Code     0  __scatter.o(!!!scatter)
    __scatterload_copy                       0x00000105   Thumb Code    26  __scatter_copy.o(!!handler_copy)
    __scatterload_zeroinit                   0x00000121   Thumb Code    28  __scatter_zi.o(!!handler_zi)
    __rt_lib_init                            0x0000013d   Thumb Code     0  libinit.o(.ARM.Collect$$libinit$$00000000)
    __rt_lib_init_alloca_1                   0x0000013f   Thumb Code     0  libinit2.o(.ARM.Collect$$libinit$$0000002E)
    __rt_lib_init_argv_1                     0x0000013f   Thumb Code     0  libinit2.o(.ARM.Collect$$libinit$$0000002C)
    __rt_lib_init_atexit_1                   0x0000013f   Thumb Code     0  libinit2.o(.ARM.Collect$$libinit$$0000001B)
    __rt_lib_init_clock_1                    0x0000013f   Thumb Code     0  libinit2.o(.ARM.Collect$$libinit$$00000021)
    __rt_lib_init_cpp_1                      0x0000013f   Thumb Code     0  libinit2.o(.ARM.Collect$$libinit$$00000032)
    __rt_lib_init_exceptions_1               0x0000013f   Thumb Code     0  libinit2.o(.ARM.Collect$$libinit$$00000030)
    __rt_lib_init_fp_1                       0x0000013f   Thumb Code     0  libinit2.o(.ARM.Collect$$libinit$$00000002)
    __rt_lib_init_fp_trap_1                  0x0000013f   Thumb Code     0  libinit2.o(.ARM.Collect$$libinit$$0000001F)
    __rt_lib_init_getenv_1                   0x0000013f   Thumb Code     0  libinit2.o(.ARM.Collect$$libinit$$00000023)
    __rt_lib_init_heap_1                     0x0000013f   Thumb Code     0  libinit2.o(.ARM.Collect$$libinit$$0000000A)
    __rt_lib_init_lc_collate_1               0x0000013f   Thumb Code     0  libinit2.o(.ARM.Collect$$libinit$$00000011)
    __rt_lib_init_lc_ctype_1                 0x0000013f   Thumb Code     0  libinit2.o(.ARM.Collect$$libinit$$00000013)
    __rt_lib_init_lc_monetary_1              0x0000013f   Thumb Code     0  libinit2.o(.ARM.Collect$$libinit$$00000015)
    __rt_lib_init_lc_numeric_1               0x0000013f   Thumb Code     0  libinit2.o(.ARM.Collect$$libinit$$00000017)
    __rt_lib_init_lc_time_1                  0x0000013f   Thumb Code     0  libinit2.o(.ARM.Collect$$libinit$$00000019)
    __rt_lib_init_preinit_1                  0x0000013f   Thumb Code     0  libinit2.o(.ARM.Collect$$libinit$$00000004)
    __rt_lib_init_rand_1                     0x0000013f   Thumb Code     0  libinit2.o(.ARM.Collect$$libinit$$0000000E)
    __rt_lib_init_return                     0x0000013f   Thumb Code     0  libinit2.o(.ARM.Collect$$libinit$$00000033)
    __rt_lib_init_signal_1                   0x0000013f   Thumb Code     0  libinit2.o(.ARM.Collect$$libinit$$0000001D)
    __rt_lib_init_stdio_1                    0x0000013f   Thumb Code     0  libinit2.o(.ARM.Collect$$libinit$$00000025)
    __rt_lib_init_user_alloc_1               0x0000013f   Thumb Code     0  libinit2.o(.ARM.Collect$$libinit$$0000000C)
    __rt_lib_shutdown                        0x00000141   Thumb Code     0  libshutdown.o(.ARM.Collect$$libshutdown$$00000000)
    __rt_lib_shutdown_cpp_1                  0x00000143   Thumb Code     0  libshutdown2.o(.ARM.Collect$$libshutdown$$00000002)
    __rt_lib_shutdown_fp_trap_1              0x00000143   Thumb Code     0  libshutdown2.o(.ARM.Collect$$libshutdown$$00000007)
    __rt_lib_shutdown_heap_1                 0x00000143   Thumb Code     0  libshutdown2.o(.ARM.Collect$$libshutdown$$0000000F)
    __rt_lib_shutdown_return                 0x00000143   Thumb Code     0  libshutdown2.o(.ARM.Collect$$libshutdown$$00000010)
    __rt_lib_shutdown_signal_1               0x00000143   Thumb Code     0  libshutdown2.o(.ARM.Collect$$libshutdown$$0000000A)
    __rt_lib_shutdown_stdio_1                0x00000143   Thumb Code     0  libshutdown2.o(.ARM.Collect$$libshutdown$$00000004)
    __rt_lib_shutdown_user_alloc_1           0x00000143   Thumb Code     0  libshutdown2.o(.ARM.Collect$$libshutdown$$0000000C)
    __rt_entry                               0x00000145   Thumb Code     0  __rtentry.o(.ARM.Collect$$rtentry$$00000000)
    __rt_entry_presh_1                       0x00000145   Thumb Code     0  __rtentry2.o(.ARM.Collect$$rtentry$$00000002)
    __rt_entry_sh                            0x00000145   Thumb Code     0  __rtentry4.o(.ARM.Collect$$rtentry$$00000004)
    __rt_entry_li                            0x0000014b   Thumb Code     0  __rtentry2.o(.ARM.Collect$$rtentry$$0000000A)
    __rt_entry_postsh_1                      0x0000014b   Thumb Code     0  __rtentry2.o(.ARM.Collect$$rtentry$$00000009)
    __rt_entry_main                          0x0000014f   Thumb Code     0  __rtentry2.o(.ARM.Collect$$rtentry$$0000000D)
    __rt_entry_postli_1                      0x0000014f   Thumb Code     0  __rtentry2.o(.ARM.Collect$$rtentry$$0000000C)
    __rt_exit                                0x00000157   Thumb Code     0  rtexit.o(.ARM.Collect$$rtexit$$00000000)
    __rt_exit_ls                             0x00000159   Thumb Code     0  rtexit2.o(.ARM.Collect$$rtexit$$00000003)
    __rt_exit_prels_1                        0x00000159   Thumb Code     0  rtexit2.o(.ARM.Collect$$rtexit$$00000002)
    __rt_exit_exit                           0x0000015d   Thumb Code     0  rtexit2.o(.ARM.Collect$$rtexit$$00000004)
    Reset_Handler                            0x00000165   Thumb Code    12  startup_mkl25z4.o(.text)
    NMI_Handler                              0x00000171   Thumb Code     2  startup_mkl25z4.o(.text)
    HardFault_Handler                        0x00000173   Thumb Code     2  startup_mkl25z4.o(.text)
    SVC_Handler                              0x00000175   Thumb Code     2  startup_mkl25z4.o(.text)
    PendSV_Handler                           0x00000177   Thumb Code     2  startup_mkl25z4.o(.text)
    ADC0_IRQHandler                          0x0000017b   Thumb Code     0  startup_mkl25z4.o(.text)
    CMP0_IRQHandler                          0x0000017b   Thumb Code     0  startup_mkl25z4.o(.text)
    DAC0_IRQHandler                          0x0000017b   Thumb Code     0  startup_mkl25z4.o(.text)
    DMA0_IRQHandler                          0x0000017b   Thumb Code     0  startup_mkl25z4.o(.text)
    DMA1_IRQHandler                          0x0000017b   Thumb Code     0  startup_mkl25z4.o(.text)
    DMA2_IRQHandler                          0x0000017b   Thumb Code     0  startup_mkl25z4.o(.text)
    DMA3_IRQHandler                          0x0000017b   Thumb Code     0  startup_mkl25z4.o(.text)
    DefaultISR                               0x0000017b   Thumb Code     0  startup_mkl25z4.o(.text)
    FTFA_IRQHandler                          0x0000017b   Thumb Code     0  startup_mkl25z4.o(.text)
    I2C0_IRQHandler                          0x0000017b   Thumb Code     0  startup_mkl25z4.o(.text)
    I2C1_IRQHandler                          0x0000017b   Thumb Code     0  startup_mkl25z4.o(.text)
    LLWU_IRQHandler                          0x0000017b   Thumb Code     0  startup_mkl25z4.o(.text)
    LPTMR0_IRQHandler                        0x0000017b   Thumb Code     0  startup_mkl25z4.o(.text)
    LVD_LVW_IRQHandler                       0x0000017b   Thumb Code     0  startup_mkl25z4.o(.text)
    MCG_IRQHandler                           0x0000017b   Thumb Code     0  startup_mkl25z4.o(.text)
    PORTA_IRQHandler                         0x0000017b   Thumb Code     0  startup_mkl25z4.o(.text)
    PORTD_IRQHandler                         0x0000017b   Thumb Code     0  startup_mkl25z4.o(.text)
    RTC_IRQHandler                           0x0000017b   Thumb Code     0  startup_mkl25z4.o(.text)
    RTC_Seconds_IRQHandler                   0x0000017b   Thumb Code     0  startup_mkl25z4.o(.text)
    Reserved20_IRQHandler                    0x0000017b   Thumb Code     0  startup_mkl25z4.o(.text)
    Reserved39_IRQHandler                    0x0000017b   Thumb Code     0  startup_mkl25z4.o(.text)
    Reserved45_IRQHandler                    0x0000017b   Thumb Code     0  startup_mkl25z4.o(.text)
    SPI0_IRQHandler                          0x0000017b   Thumb Code     0  startup_mkl25z4.o(.text)
    SPI1_IRQHandler                          0x0000017b   Thumb Code     0  startup_mkl25z4.o(.text)
    TPM0_IRQHandler                          0x0000017b   Thumb Code     0  startup_mkl25z4.o(.text)
    TPM1_IRQHandler                          0x0000017b   Thumb Code     0  startup_mkl25z4.o(.text)
    TPM2_IRQHandler                          0x0000017b   Thumb Code     0  startup_mkl25z4.o(.text)
    TSI0_IRQHandler                          0x0000017b   Thumb Code     0  startup_mkl25z4.o(.text)
    UART0_IRQHandler                         0x0000017b   Thumb Code     0  startup_mkl25z4.o(.text)
    UART1_IRQHandler                         0x0000017b   Thumb Code     0  startup_mkl25z4.o(.text)
    UART2_IRQHandler                         0x0000017b   Thumb Code     0  startup_mkl25z4.o(.text)
    USB0_IRQHandler                          0x0000017b   Thumb Code     0  startup_mkl25z4.o(.text)
    __user_initial_stackheap                 0x00000181   Thumb Code     0  startup_mkl25z4.o(.text)
    __aeabi_uidiv                            0x000001a5   Thumb Code     0  aeabi_sdiv.o(.text)
    __aeabi_uidivmod                         0x000001a5   Thumb Code    20  aeabi_sdiv.o(.text)
    __aeabi_idiv                             0x000001b9   Thumb Code     0  aeabi_sdiv.o(.text)
    __aeabi_idivmod                          0x000001b9   Thumb Code   326  aeabi_sdiv.o(.text)
    __use_two_region_memory                  0x000002ff   Thumb Code     2  heapauxi.o(.text)
    __rt_heap_escrow$2region                 0x00000301   Thumb Code     2  heapauxi.o(.text)
    __rt_heap_expand$2region                 0x00000303   Thumb Code     2  heapauxi.o(.text)
    __aeabi_d2f                              0x00000305   Thumb Code     0  d2f.o(.text)
    _d2f                                     0x00000305   Thumb Code   120  d2f.o(.text)
    __aeabi_i2d_normalise                    0x00000381   Thumb Code    66  dflti.o(.text)
    __aeabi_i2d                              0x000003c3   Thumb Code    16  dflti.o(.text)
    _dflt                                    0x000003c3   Thumb Code     0  dflti.o(.text)
    __aeabi_ui2d                             0x000003d3   Thumb Code     6  dflti.o(.text)
    _dfltu                                   0x000003d3   Thumb Code     0  dflti.o(.text)
    __fpl_dcheck_NaN2                        0x000003d9   Thumb Code    14  dnan2.o(.text)
    __fpl_fcheck_NaN2                        0x000003ed   Thumb Code    10  fnan2.o(.text)
    __I$use$semihosting                      0x000003fd   Thumb Code     0  use_no_semi.o(.text)
    __use_no_semihosting_swi                 0x000003fd   Thumb Code     2  use_no_semi.o(.text)
    __I$use$fp                               0x000003fe   Number         0  usenofp.o(x$fpl$usenofp)
    __semihosting_library_function           0x000003ff   Thumb Code     0  indicate_semi.o(.text)
    __aeabi_ddiv                             0x00000411   Thumb Code     0  ddiv.o(.text)
    _ddiv                                    0x00000411   Thumb Code  1072  ddiv.o(.text)
    _drdiv                                   0x00000841   Thumb Code    20  ddiv.o(.text)
    __aeabi_dmul                             0x00000859   Thumb Code     0  dmul.o(.text)
    _dmul                                    0x00000859   Thumb Code   558  dmul.o(.text)
    __aeabi_f2d                              0x00000aa1   Thumb Code     0  f2d.o(.text)
    _f2d                                     0x00000aa1   Thumb Code    80  f2d.o(.text)
    __fpl_dcmp_InfNaN                        0x00000af5   Thumb Code   140  dcmpin.o(.text)
    __fpl_fcmp_InfNaN                        0x00000b85   Thumb Code    96  fcmpin.o(.text)
    __fpl_cmpreturn                          0x00000be9   Thumb Code    46  cmpret.o(.text)
    __user_setup_stackheap                   0x00000c17   Thumb Code    62  sys_stackheap_outer.o(.text)
    exit                                     0x00000c55   Thumb Code    16  exit.o(.text)
    __fpl_return_NaN                         0x00000c65   Thumb Code    94  retnan.o(.text)
    __user_libspace                          0x00000cc5   Thumb Code     8  libspace.o(.text)
    __user_perproc_libspace                  0x00000cc5   Thumb Code     0  libspace.o(.text)
    __user_perthread_libspace                0x00000cc5   Thumb Code     0  libspace.o(.text)
    _sys_exit                                0x00000ccd   Thumb Code     8  sys_exit.o(.text)
    ADC_Cal                                  0x00000cd9   Thumb Code   174  adc.o(i.ADC_Cal)
    Delay                                    0x00000d87   Thumb Code    32  lcd.o(i.Delay)
    Init_ADC                                 0x00000da9   Thumb Code    26  adc.o(i.Init_ADC)
    Init_SysTick                             0x00000dcd   Thumb Code    68  systick.o(i.Init_SysTick)
    MeasureVoltage                           0x00000e1d   Thumb Code    30  adc.o(i.MeasureVoltage)
    PIT_IRQHandler                           0x00000e45   Thumb Code    50  pit.o(i.PIT_IRQHandler)
    SysTick_Handler                          0x00000e7d   Thumb Code    20  systick.o(i.SysTick_Handler)
    SystemCoreClockUpdate                    0x00000e95   Thumb Code   372  system_mkl25z4.o(i.SystemCoreClockUpdate)
    SystemInit                               0x00001025   Thumb Code     8  system_mkl25z4.o(i.SystemInit)
    __ARM_common_switch8                     0x00001031   Thumb Code    28  main.o(i.__ARM_common_switch8)
    audioToggle                              0x00001155   Thumb Code    10  gpio.o(i.audioToggle)
    configureGPIOinput                       0x00001165   Thumb Code    56  gpio.o(i.configureGPIOinput)
    configureGPIOoutput                      0x000011a9   Thumb Code    62  gpio.o(i.configureGPIOoutput)
    configurePIT                             0x000011f5   Thumb Code    96  pit.o(i.configurePIT)
    configureTPM0forPWM                      0x00001265   Thumb Code   146  tpm_pwm.o(i.configureTPM0forPWM)
    initLCD                                  0x00001305   Thumb Code   342  lcd.o(i.initLCD)
    initNibble                               0x00001475   Thumb Code    56  lcd.o(i.initNibble)
    lcdClear                                 0x000014b1   Thumb Code    24  lcd.o(i.lcdClear)
    lcdCntrl                                 0x000014c9   Thumb Code    72  lcd.o(i.lcdCntrl)
    lcdHome                                  0x00001511   Thumb Code    24  lcd.o(i.lcdHome)
    lcdMode                                  0x00001529   Thumb Code    72  lcd.o(i.lcdMode)
    main                                     0x00001571   Thumb Code   110  main.o(i.main)
    resetText                                0x000015e9   Thumb Code    68  main.o(i.resetText)
    setLCDAddress                            0x00001645   Thumb Code    56  lcd.o(i.setLCDAddress)
    setPWMDuty                               0x0000167d   Thumb Code    14  tpm_pwm.o(i.setPWMDuty)
    setTimer                                 0x00001691   Thumb Code     8  pit.o(i.setTimer)
    startTimer                               0x0000169d   Thumb Code    22  pit.o(i.startTimer)
    stopTimer                                0x000016b9   Thumb Code    22  pit.o(i.stopTimer)
    synByte                                  0x000016d5   Thumb Code   314  lcd.o(i.synByte)
    task1PollInput                           0x00001815   Thumb Code   346  main.o(i.task1PollInput)
    task2LCD                                 0x00001995   Thumb Code   650  main.o(i.task2LCD)
    waitSysTickCounter                       0x00001c8d   Thumb Code    16  systick.o(i.waitSysTickCounter)
    writeLCDChar                             0x00001ca1   Thumb Code    20  lcd.o(i.writeLCDChar)
    writeLCDString                           0x00001cb5   Thumb Code    40  lcd.o(i.writeLCDString)
    __aeabi_cdcmple                          0x00001cdd   Thumb Code     0  dlef.o(x$fpl$dleqf)
    _dcmple                                  0x00001cdd   Thumb Code    94  dlef.o(x$fpl$dleqf)
    __aeabi_cdrcmple                         0x00001d41   Thumb Code     0  drlef.o(x$fpl$drleqf)
    _drcmple                                 0x00001d41   Thumb Code   100  drlef.o(x$fpl$drleqf)
    __aeabi_cfrcmple                         0x00001da9   Thumb Code     0  frlef.o(x$fpl$frleqf)
    _frcmple                                 0x00001da9   Thumb Code    84  frlef.o(x$fpl$frleqf)
    Region$$Table$$Base                      0x00001e80   Number         0  anon$$obj.o(Region$$Table)
    Region$$Table$$Limit                     0x00001ea0   Number         0  anon$$obj.o(Region$$Table)
    sres                                     0x1ffff000   Data           2  adc.o(.data)
    dres                                     0x1ffff002   Data           2  adc.o(.data)
    b_state                                  0x1ffff004   Data           4  main.o(.data)
    pressed                                  0x1ffff008   Data           4  main.o(.data)
    bounceCounter                            0x1ffff00c   Data           4  main.o(.data)
    buttonVoltage                            0x1ffff010   Data           4  main.o(.data)
    numString                                0x1ffff014   Data          12  main.o(.data)
    buttonState                              0x1ffff020   Data           4  main.o(.data)
    pos                                      0x1ffff024   Data           4  main.o(.data)
    num1                                     0x1ffff028   Data           4  main.o(.data)
    num2                                     0x1ffff02c   Data           4  main.o(.data)
    num3                                     0x1ffff030   Data           4  main.o(.data)
    result                                   0x1ffff034   Data           4  main.o(.data)
    resetString                              0x1ffff038   Data           4  main.o(.data)
    SysTickCounter                           0x1ffff03c   Data           4  systick.o(.data)
    SystemCoreClock                          0x1ffff040   Data           4  system_mkl25z4.o(.data)
    __libspace_start                         0x1ffff044   Data          96  libspace.o(.bss)
    __temporary_stack_top$libspace           0x1ffff0a4   Data           0  libspace.o(.bss)



==============================================================================

Memory Map of the image

  Image Entry point : 0x00000165

  Load Region LR_1 (Base: 0x00000000, Size: 0x00001ee4, Max: 0xffffffff, ABSOLUTE)

    Execution Region ER_RO (Exec base: 0x00000000, Load base: 0x00000000, Size: 0x00001ea0, Max: 0xffffffff, ABSOLUTE)

    Exec Addr    Load Addr    Size         Type   Attr      Idx    E Section Name        Object

    0x00000000   0x00000000   0x000000c0   Data   RO          390    RESET               startup_mkl25z4.o
    0x000000c0   0x000000c0   0x00000008   Code   RO          444  * !!!main             c_p.l(__main.o)
    0x000000c8   0x000000c8   0x0000003c   Code   RO          643    !!!scatter          c_p.l(__scatter.o)
    0x00000104   0x00000104   0x0000001a   Code   RO          645    !!handler_copy      c_p.l(__scatter_copy.o)
    0x0000011e   0x0000011e   0x00000002   PAD
    0x00000120   0x00000120   0x0000001c   Code   RO          647    !!handler_zi        c_p.l(__scatter_zi.o)
    0x0000013c   0x0000013c   0x00000002   Code   RO          510    .ARM.Collect$$libinit$$00000000  c_p.l(libinit.o)
    0x0000013e   0x0000013e   0x00000000   Code   RO          526    .ARM.Collect$$libinit$$00000002  c_p.l(libinit2.o)
    0x0000013e   0x0000013e   0x00000000   Code   RO          528    .ARM.Collect$$libinit$$00000004  c_p.l(libinit2.o)
    0x0000013e   0x0000013e   0x00000000   Code   RO          531    .ARM.Collect$$libinit$$0000000A  c_p.l(libinit2.o)
    0x0000013e   0x0000013e   0x00000000   Code   RO          533    .ARM.Collect$$libinit$$0000000C  c_p.l(libinit2.o)
    0x0000013e   0x0000013e   0x00000000   Code   RO          535    .ARM.Collect$$libinit$$0000000E  c_p.l(libinit2.o)
    0x0000013e   0x0000013e   0x00000000   Code   RO          538    .ARM.Collect$$libinit$$00000011  c_p.l(libinit2.o)
    0x0000013e   0x0000013e   0x00000000   Code   RO          540    .ARM.Collect$$libinit$$00000013  c_p.l(libinit2.o)
    0x0000013e   0x0000013e   0x00000000   Code   RO          542    .ARM.Collect$$libinit$$00000015  c_p.l(libinit2.o)
    0x0000013e   0x0000013e   0x00000000   Code   RO          544    .ARM.Collect$$libinit$$00000017  c_p.l(libinit2.o)
    0x0000013e   0x0000013e   0x00000000   Code   RO          546    .ARM.Collect$$libinit$$00000019  c_p.l(libinit2.o)
    0x0000013e   0x0000013e   0x00000000   Code   RO          548    .ARM.Collect$$libinit$$0000001B  c_p.l(libinit2.o)
    0x0000013e   0x0000013e   0x00000000   Code   RO          550    .ARM.Collect$$libinit$$0000001D  c_p.l(libinit2.o)
    0x0000013e   0x0000013e   0x00000000   Code   RO          552    .ARM.Collect$$libinit$$0000001F  c_p.l(libinit2.o)
    0x0000013e   0x0000013e   0x00000000   Code   RO          554    .ARM.Collect$$libinit$$00000021  c_p.l(libinit2.o)
    0x0000013e   0x0000013e   0x00000000   Code   RO          556    .ARM.Collect$$libinit$$00000023  c_p.l(libinit2.o)
    0x0000013e   0x0000013e   0x00000000   Code   RO          558    .ARM.Collect$$libinit$$00000025  c_p.l(libinit2.o)
    0x0000013e   0x0000013e   0x00000000   Code   RO          562    .ARM.Collect$$libinit$$0000002C  c_p.l(libinit2.o)
    0x0000013e   0x0000013e   0x00000000   Code   RO          564    .ARM.Collect$$libinit$$0000002E  c_p.l(libinit2.o)
    0x0000013e   0x0000013e   0x00000000   Code   RO          566    .ARM.Collect$$libinit$$00000030  c_p.l(libinit2.o)
    0x0000013e   0x0000013e   0x00000000   Code   RO          568    .ARM.Collect$$libinit$$00000032  c_p.l(libinit2.o)
    0x0000013e   0x0000013e   0x00000002   Code   RO          569    .ARM.Collect$$libinit$$00000033  c_p.l(libinit2.o)
    0x00000140   0x00000140   0x00000002   Code   RO          600    .ARM.Collect$$libshutdown$$00000000  c_p.l(libshutdown.o)
    0x00000142   0x00000142   0x00000000   Code   RO          626    .ARM.Collect$$libshutdown$$00000002  c_p.l(libshutdown2.o)
    0x00000142   0x00000142   0x00000000   Code   RO          628    .ARM.Collect$$libshutdown$$00000004  c_p.l(libshutdown2.o)
    0x00000142   0x00000142   0x00000000   Code   RO          631    .ARM.Collect$$libshutdown$$00000007  c_p.l(libshutdown2.o)
    0x00000142   0x00000142   0x00000000   Code   RO          634    .ARM.Collect$$libshutdown$$0000000A  c_p.l(libshutdown2.o)
    0x00000142   0x00000142   0x00000000   Code   RO          636    .ARM.Collect$$libshutdown$$0000000C  c_p.l(libshutdown2.o)
    0x00000142   0x00000142   0x00000000   Code   RO          639    .ARM.Collect$$libshutdown$$0000000F  c_p.l(libshutdown2.o)
    0x00000142   0x00000142   0x00000002   Code   RO          640    .ARM.Collect$$libshutdown$$00000010  c_p.l(libshutdown2.o)
    0x00000144   0x00000144   0x00000000   Code   RO          463    .ARM.Collect$$rtentry$$00000000  c_p.l(__rtentry.o)
    0x00000144   0x00000144   0x00000000   Code   RO          474    .ARM.Collect$$rtentry$$00000002  c_p.l(__rtentry2.o)
    0x00000144   0x00000144   0x00000006   Code   RO          486    .ARM.Collect$$rtentry$$00000004  c_p.l(__rtentry4.o)
    0x0000014a   0x0000014a   0x00000000   Code   RO          476    .ARM.Collect$$rtentry$$00000009  c_p.l(__rtentry2.o)
    0x0000014a   0x0000014a   0x00000004   Code   RO          477    .ARM.Collect$$rtentry$$0000000A  c_p.l(__rtentry2.o)
    0x0000014e   0x0000014e   0x00000000   Code   RO          479    .ARM.Collect$$rtentry$$0000000C  c_p.l(__rtentry2.o)
    0x0000014e   0x0000014e   0x00000008   Code   RO          480    .ARM.Collect$$rtentry$$0000000D  c_p.l(__rtentry2.o)
    0x00000156   0x00000156   0x00000002   Code   RO          517    .ARM.Collect$$rtexit$$00000000  c_p.l(rtexit.o)
    0x00000158   0x00000158   0x00000000   Code   RO          573    .ARM.Collect$$rtexit$$00000002  c_p.l(rtexit2.o)
    0x00000158   0x00000158   0x00000004   Code   RO          574    .ARM.Collect$$rtexit$$00000003  c_p.l(rtexit2.o)
    0x0000015c   0x0000015c   0x00000006   Code   RO          575    .ARM.Collect$$rtexit$$00000004  c_p.l(rtexit2.o)
    0x00000162   0x00000162   0x00000002   PAD
    0x00000164   0x00000164   0x00000040   Code   RO          392  * .text               startup_mkl25z4.o
    0x000001a4   0x000001a4   0x0000015a   Code   RO          438    .text               c_p.l(aeabi_sdiv.o)
    0x000002fe   0x000002fe   0x00000006   Code   RO          442    .text               c_p.l(heapauxi.o)
    0x00000304   0x00000304   0x0000007c   Code   RO          446    .text               fz_ps.l(d2f.o)
    0x00000380   0x00000380   0x00000058   Code   RO          451    .text               fz_ps.l(dflti.o)
    0x000003d8   0x000003d8   0x00000014   Code   RO          492    .text               fz_ps.l(dnan2.o)
    0x000003ec   0x000003ec   0x00000010   Code   RO          494    .text               fz_ps.l(fnan2.o)
    0x000003fc   0x000003fc   0x00000002   Code   RO          589    .text               c_p.l(use_no_semi.o)
    0x000003fe   0x000003fe   0x00000000   Code   RO          591    .text               c_p.l(indicate_semi.o)
    0x000003fe   0x000003fe   0x00000000   Code   RO          472    x$fpl$usenofp       fz_ps.l(usenofp.o)
    0x000003fe   0x000003fe   0x00000002   PAD
    0x00000400   0x00000400   0x00000010   Code   RO          391    .ARM.__at_0x400     startup_mkl25z4.o
    0x00000410   0x00000410   0x00000448   Code   RO          448    .text               fz_ps.l(ddiv.o)
    0x00000858   0x00000858   0x00000248   Code   RO          455    .text               fz_ps.l(dmul.o)
    0x00000aa0   0x00000aa0   0x00000054   Code   RO          459    .text               fz_ps.l(f2d.o)
    0x00000af4   0x00000af4   0x00000090   Code   RO          468    .text               fz_ps.l(dcmpin.o)
    0x00000b84   0x00000b84   0x00000064   Code   RO          470    .text               fz_ps.l(fcmpin.o)
    0x00000be8   0x00000be8   0x0000002e   Code   RO          490    .text               fz_ps.l(cmpret.o)
    0x00000c16   0x00000c16   0x0000003e   Code   RO          496    .text               c_p.l(sys_stackheap_outer.o)
    0x00000c54   0x00000c54   0x00000010   Code   RO          499    .text               c_p.l(exit.o)
    0x00000c64   0x00000c64   0x0000005e   Code   RO          511    .text               fz_ps.l(retnan.o)
    0x00000cc2   0x00000cc2   0x00000002   PAD
    0x00000cc4   0x00000cc4   0x00000008   Code   RO          513    .text               c_p.l(libspace.o)
    0x00000ccc   0x00000ccc   0x0000000c   Code   RO          570    .text               c_p.l(sys_exit.o)
    0x00000cd8   0x00000cd8   0x000000ae   Code   RO            3    i.ADC_Cal           adc.o
    0x00000d86   0x00000d86   0x00000020   Code   RO           72    i.Delay             lcd.o
    0x00000da6   0x00000da6   0x00000002   PAD
    0x00000da8   0x00000da8   0x00000024   Code   RO            4    i.Init_ADC          adc.o
    0x00000dcc   0x00000dcc   0x00000050   Code   RO          229    i.Init_SysTick      systick.o
    0x00000e1c   0x00000e1c   0x00000028   Code   RO            5    i.MeasureVoltage    adc.o
    0x00000e44   0x00000e44   0x00000038   Code   RO          272    i.PIT_IRQHandler    pit.o
    0x00000e7c   0x00000e7c   0x00000018   Code   RO          230    i.SysTick_Handler   systick.o
    0x00000e94   0x00000e94   0x00000190   Code   RO          400    i.SystemCoreClockUpdate  system_mkl25z4.o
    0x00001024   0x00001024   0x0000000c   Code   RO          401    i.SystemInit        system_mkl25z4.o
    0x00001030   0x00001030   0x0000001c   Code   RO          206    i.__ARM_common_switch8  main.o
    0x0000104c   0x0000104c   0x00000018   Code   RO          273    i.__NVIC_ClearPendingIRQ  pit.o
    0x00001064   0x00001064   0x00000078   Code   RO          231    i.__NVIC_SetPriority  systick.o
    0x000010dc   0x000010dc   0x00000078   Code   RO          274    i.__NVIC_SetPriority  pit.o
    0x00001154   0x00001154   0x00000010   Code   RO          329    i.audioToggle       gpio.o
    0x00001164   0x00001164   0x00000044   Code   RO          330    i.configureGPIOinput  gpio.o
    0x000011a8   0x000011a8   0x0000004c   Code   RO          331    i.configureGPIOoutput  gpio.o
    0x000011f4   0x000011f4   0x00000070   Code   RO          275    i.configurePIT      pit.o
    0x00001264   0x00001264   0x000000a0   Code   RO          361    i.configureTPM0forPWM  tpm_pwm.o
    0x00001304   0x00001304   0x00000170   Code   RO           74    i.initLCD           lcd.o
    0x00001474   0x00001474   0x0000003c   Code   RO           75    i.initNibble        lcd.o
    0x000014b0   0x000014b0   0x00000018   Code   RO           76    i.lcdClear          lcd.o
    0x000014c8   0x000014c8   0x00000048   Code   RO           77    i.lcdCntrl          lcd.o
    0x00001510   0x00001510   0x00000018   Code   RO           78    i.lcdHome           lcd.o
    0x00001528   0x00001528   0x00000048   Code   RO           79    i.lcdMode           lcd.o
    0x00001570   0x00001570   0x00000078   Code   RO          170    i.main              main.o
    0x000015e8   0x000015e8   0x0000005c   Code   RO          171    i.resetText         main.o
    0x00001644   0x00001644   0x00000038   Code   RO           81    i.setLCDAddress     lcd.o
    0x0000167c   0x0000167c   0x00000014   Code   RO          362    i.setPWMDuty        tpm_pwm.o
    0x00001690   0x00001690   0x0000000c   Code   RO          276    i.setTimer          pit.o
    0x0000169c   0x0000169c   0x0000001c   Code   RO          277    i.startTimer        pit.o
    0x000016b8   0x000016b8   0x0000001c   Code   RO          278    i.stopTimer         pit.o
    0x000016d4   0x000016d4   0x00000140   Code   RO           82    i.synByte           lcd.o
    0x00001814   0x00001814   0x00000180   Code   RO          172    i.task1PollInput    main.o
    0x00001994   0x00001994   0x000002f8   Code   RO          173    i.task2LCD          main.o
    0x00001c8c   0x00001c8c   0x00000014   Code   RO          232    i.waitSysTickCounter  systick.o
    0x00001ca0   0x00001ca0   0x00000014   Code   RO           83    i.writeLCDChar      lcd.o
    0x00001cb4   0x00001cb4   0x00000028   Code   RO           84    i.writeLCDString    lcd.o
    0x00001cdc   0x00001cdc   0x00000064   Code   RO          453    x$fpl$dleqf         fz_ps.l(dlef.o)
    0x00001d40   0x00001d40   0x00000068   Code   RO          457    x$fpl$drleqf        fz_ps.l(drlef.o)
    0x00001da8   0x00001da8   0x00000058   Code   RO          461    x$fpl$frleqf        fz_ps.l(frlef.o)
    0x00001e00   0x00001e00   0x00000080   Data   RO          449    .constdata          fz_ps.l(ddiv.o)
    0x00001e80   0x00001e80   0x00000020   Data   RO          641    Region$$Table       anon$$obj.o


    Execution Region ER_RW (Exec base: 0x1ffff000, Load base: 0x00001ea0, Size: 0x00000044, Max: 0xffffffff, ABSOLUTE)

    Exec Addr    Load Addr    Size         Type   Attr      Idx    E Section Name        Object

    0x1ffff000   0x00001ea0   0x00000004   Data   RW            7    .data               adc.o
    0x1ffff004   0x00001ea4   0x00000038   Data   RW          174    .data               main.o
    0x1ffff03c   0x00001edc   0x00000004   Data   RW          233    .data               systick.o
    0x1ffff040   0x00001ee0   0x00000004   Data   RW          402    .data               system_mkl25z4.o


    Execution Region ER_ZI (Exec base: 0x1ffff044, Load base: 0x00001ee4, Size: 0x00000164, Max: 0xffffffff, ABSOLUTE)

    Exec Addr    Load Addr    Size         Type   Attr      Idx    E Section Name        Object

    0x1ffff044        -       0x00000060   Zero   RW          514    .bss                c_p.l(libspace.o)
    0x1ffff0a4   0x00001ee4   0x00000004   PAD
    0x1ffff0a8        -       0x00000000   Zero   RW          389    HEAP                startup_mkl25z4.o
    0x1ffff0a8        -       0x00000100   Zero   RW          388    STACK               startup_mkl25z4.o


==============================================================================

Image component sizes


      Code (inc. data)   RO Data    RW Data    ZI Data      Debug   Object Name

       250         20          0          4          0     218202   adc.o
       160         32          0          0          0       1241   gpio.o
      1088         36          0          0          0       6247   lcd.o
      1384        190          0         56          0       3697   main.o
       380         54          0          0          0      11304   pit.o
        80         44        192          0        256        916   startup_mkl25z4.o
       412         42          0          4          0       1555   system_mkl25z4.o
       244         30          0          4          0      10799   systick.o
       180         20          0          0          0        935   tpm_pwm.o

    ----------------------------------------------------------------------
      4180        468        224         68        256     254896   Object Totals
         0          0         32          0          0          0   (incl. Generated)
         2          0          0          0          0          0   (incl. Padding)

    ----------------------------------------------------------------------

      Code (inc. data)   RO Data    RW Data    ZI Data      Debug   Library Member Name

         8          0          0          0          0         68   __main.o
         0          0          0          0          0          0   __rtentry.o
        12          0          0          0          0          0   __rtentry2.o
         6          0          0          0          0          0   __rtentry4.o
        60          8          0          0          0          0   __scatter.o
        26          0          0          0          0          0   __scatter_copy.o
        28          0          0          0          0          0   __scatter_zi.o
       346          0          0          0          0         92   aeabi_sdiv.o
        16          0          0          0          0         68   exit.o
         6          0          0          0          0        136   heapauxi.o
         0          0          0          0          0          0   indicate_semi.o
         2          0          0          0          0          0   libinit.o
         2          0          0          0          0          0   libinit2.o
         2          0          0          0          0          0   libshutdown.o
         2          0          0          0          0          0   libshutdown2.o
         8          4          0          0         96         68   libspace.o
         2          0          0          0          0          0   rtexit.o
        10          0          0          0          0          0   rtexit2.o
        12          4          0          0          0         60   sys_exit.o
        62          0          0          0          0         80   sys_stackheap_outer.o
         2          0          0          0          0         68   use_no_semi.o
        46          0          0          0          0         60   cmpret.o
       124          4          0          0          0         72   d2f.o
       144          4          0          0          0         76   dcmpin.o
      1096         26        128          0          0        112   ddiv.o
        88          0          0          0          0         92   dflti.o
       100          4          0          0          0         92   dlef.o
       584         26          0          0          0         84   dmul.o
        20          6          0          0          0         68   dnan2.o
       104          4          0          0          0        104   drlef.o
        84          4          0          0          0         60   f2d.o
       100          4          0          0          0         68   fcmpin.o
        16          6          0          0          0         68   fnan2.o
        88          4          0          0          0         76   frlef.o
        94          0          0          0          0         68   retnan.o
         0          0          0          0          0          0   usenofp.o

    ----------------------------------------------------------------------
      3308        108        128          0        100       1740   Library Totals
         8          0          0          0          4          0   (incl. Padding)

    ----------------------------------------------------------------------

      Code (inc. data)   RO Data    RW Data    ZI Data      Debug   Library Name

       612         16          0          0         96        640   c_p.l
      2688         92        128          0          0       1100   fz_ps.l

    ----------------------------------------------------------------------
      3308        108        128          0        100       1740   Library Totals

    ----------------------------------------------------------------------

==============================================================================


      Code (inc. data)   RO Data    RW Data    ZI Data      Debug   

      7488        576        352         68        356     254312   Grand Totals
      7488        576        352         68        356     254312   ELF Image Totals
      7488        576        352         68          0          0   ROM Totals

==============================================================================

    Total RO  Size (Code + RO Data)                 7840 (   7.66kB)
    Total RW  Size (RW Data + ZI Data)               424 (   0.41kB)
    Total ROM Size (Code + RO Data + RW Data)       7908 (   7.72kB)

==============================================================================

